// Jest Snapshot v1, https://goo.gl/fbAQLP

exports[`SelectNewsSource state renders correctly 1`] = `
<div
  className="form-group"
>
  <label
    htmlFor={true}
  >
    Source
  </label>
  <div
    className="col-sm-12"
  >
    <select
      className="form-control"
      defaultValue=""
      onChange={[Function]}
    />
  </div>
</div>
`;
